---
source: devenv-tui/tests/tui_tests.rs
expression: output
---
✓ Building  dependency-a                                           [TIME]
✗ Building  dependency-b                                           [TIME]
⠋ Building  main-package buildPhase                                [TIME]
⠋ Downloading runtime-dep from cache.nixos.org                     [TIME]
    ───────────────────────────────────────────────────3MB / 5MB at 30MB/s

 1 of 3 builds  │  0 of 1 downloads                                ↑↓ nav
