---
source: devenv-tui/tests/tui_tests.rs
expression: output
---
⠋ Evaluating Nix
  ⎿ ⠋ Building wrapper-scripts buildPhase
    ⎿ ⠋ Downloading bash-5.2 from cache.nixos.org
        ──────────────────────────────────────────────500kB / 1MB at 5MB/s
      ⎿ ⠋ Downloading readline-8.2
        ⎿ ⠋ Downloading ncurses-6.4

 0 of 1 builds  │  0 of 3 downloads                    ↑↓ nav • ^e expand
